MongooseServerSelectionError: connect EPERM 127.0.0.1:27017 - Local (0.0.0.0:0)
    at _handleConnectionErrors (/Users/vijayprasad/Documents/crm/new/node_modules/mongoose/lib/connection.js:1175:11)
    at NativeConnection.openUri (/Users/vijayprasad/Documents/crm/new/node_modules/mongoose/lib/connection.js:1106:11)
    at async connectToDatabase (/Users/vijayprasad/Documents/crm/new/src/lib/mongodb/client.ts:48:19)
    at async runTests (/Users/vijayprasad/Documents/crm/new/test-webhook-transaction.ts:18:3) {
  errorLabelSet: Set(0) {},
  reason: TopologyDescription {
    type: 'Unknown',
    servers: Map(1) { '127.0.0.1:27017' => [ServerDescription] },
    stale: false,
    compatible: true,
    heartbeatFrequencyMS: 10000,
    localThresholdMS: 15,
    setName: null,
    maxElectionId: null,
    maxSetVersion: null,
    commonWireVersion: 0,
    logicalSessionTimeoutMinutes: null
  },
  code: undefined,
  cause: TopologyDescription {
    type: 'Unknown',
    servers: Map(1) { '127.0.0.1:27017' => [ServerDescription] },
    stale: false,
    compatible: true,
    heartbeatFrequencyMS: 10000,
    localThresholdMS: 15,
    setName: null,
    maxElectionId: null,
    maxSetVersion: null,
    commonWireVersion: 0,
    logicalSessionTimeoutMinutes: null
  }
}
