Running TEST 1: New inbound WhatsApp message
(node:97594) [MONGOOSE] Warning: mongoose: the `new` option for `findOneAndUpdate()` and `findOneAndReplace()` is deprecated. Use `returnDocument: 'after'` instead.
(Use `node --trace-warnings ...` to show where the warning was created)
DEBUG msgUpsert: {"lastErrorObject":{"n":1,"updatedExisting":false,"upserted":"69eb0b61-5685-4ba6-8c64-86ef767e624f"},"value":{"_id":"69eb0b61-5685-4ba6-8c64-86ef767e624f","accountId":"test-account-tx","conversationId":"5db09f94-aeb1-4b4a-bffc-4845f6a9ca42","messageId":"msg-1","__v":0,"contentText":"Hello TX","contentType":"text","createdAt":"2026-09-06T11:05:47.453Z","senderType":"customer","status":"delivered","updatedAt":"2026-09-06T11:05:47.453Z"},"ok":1,"$clusterTime":{"clusterTime":{"$timestamp":"7682376850957402115"},"signature":{"hash":"AAAAAAAAAAAAAAAAAAAAAAAAAAA=","keyId":0}},"operationTime":{"$timestamp":"7682376850957402115"}}
(node:97594) [MONGOOSE] Warning: mongoose: the `new` option for `findOneAndUpdate()` and `findOneAndReplace()` is deprecated. Use `returnDocument: 'after'` instead.
TEST 1 PASSED
Running TEST 2: Same webhook/message delivered twice
DEBUG msgUpsert: {"lastErrorObject":{"n":1,"updatedExisting":true},"value":{"_id":"69eb0b61-5685-4ba6-8c64-86ef767e624f","accountId":"test-account-tx","conversationId":"5db09f94-aeb1-4b4a-bffc-4845f6a9ca42","messageId":"msg-1","__v":0,"contentText":"Hello TX","contentType":"text","createdAt":"2026-09-06T11:05:47.453Z","senderType":"customer","status":"delivered","updatedAt":"2026-09-06T11:05:47.465Z"},"ok":1,"$clusterTime":{"clusterTime":{"$timestamp":"7682376850957402116"},"signature":{"hash":"AAAAAAAAAAAAAAAAAAAAAAAAAAA=","keyId":0}},"operationTime":{"$timestamp":"7682376850957402116"}}
TEST 2 PASSED
Running TEST 3: Concurrent deliveries for same message
DEBUG msgUpsert: {"lastErrorObject":{"n":1,"updatedExisting":false,"upserted":"4a418b26-63e3-4a6b-8c39-c0d2950789b2"},"value":{"_id":"4a418b26-63e3-4a6b-8c39-c0d2950789b2","accountId":"test-account-tx","conversationId":"5db09f94-aeb1-4b4a-bffc-4845f6a9ca42","messageId":"msg-3","__v":0,"contentText":"Concurrent","contentType":"text","createdAt":"2026-09-06T11:05:47.475Z","senderType":"customer","status":"delivered","updatedAt":"2026-09-06T11:05:47.475Z"},"ok":1,"$clusterTime":{"clusterTime":{"$timestamp":"7682376850957402117"},"signature":{"hash":"AAAAAAAAAAAAAAAAAAAAAAAAAAA=","keyId":0}},"operationTime":{"$timestamp":"7682376850957402117"}}
(node:97594) [MONGOOSE] Warning: mongoose: the `new` option for `findOneAndUpdate()` and `findOneAndReplace()` is deprecated. Use `returnDocument: 'after'` instead.
DEBUG msgUpsert: {"lastErrorObject":{"n":1,"updatedExisting":true},"value":{"_id":"4a418b26-63e3-4a6b-8c39-c0d2950789b2","accountId":"test-account-tx","conversationId":"5db09f94-aeb1-4b4a-bffc-4845f6a9ca42","messageId":"msg-3","__v":0,"contentText":"Concurrent","contentType":"text","createdAt":"2026-09-06T11:05:47.475Z","senderType":"customer","status":"delivered","updatedAt":"2026-09-06T11:05:47.486Z"},"ok":1,"$clusterTime":{"clusterTime":{"$timestamp":"7682376850957402119"},"signature":{"hash":"AAAAAAAAAAAAAAAAAAAAAAAAAAA=","keyId":0}},"operationTime":{"$timestamp":"7682376850957402119"}}
TEST 3 PASSED
Running TEST 4: Same Meta messageId in different conversations
(node:97594) [MONGOOSE] Warning: mongoose: the `new` option for `findOneAndUpdate()` and `findOneAndReplace()` is deprecated. Use `returnDocument: 'after'` instead.
DEBUG msgUpsert: {"lastErrorObject":{"n":1,"updatedExisting":false,"upserted":"a62643d2-fe4b-498d-8100-d694b47bd1af"},"value":{"_id":"a62643d2-fe4b-498d-8100-d694b47bd1af","conversationId":"0cc0be5e-7104-489d-aeac-983289ea064d","accountId":"test-account-tx","messageId":"msg-3","__v":0,"contentText":"Concurrent","contentType":"text","createdAt":"2026-09-06T11:05:47.498Z","senderType":"customer","status":"delivered","updatedAt":"2026-09-06T11:05:47.498Z"},"ok":1,"$clusterTime":{"clusterTime":{"$timestamp":"7682376850957402120"},"signature":{"hash":"AAAAAAAAAAAAAAAAAAAAAAAAAAA=","keyId":0}},"operationTime":{"$timestamp":"7682376850957402120"}}
(node:97594) [MONGOOSE] Warning: mongoose: the `new` option for `findOneAndUpdate()` and `findOneAndReplace()` is deprecated. Use `returnDocument: 'after'` instead.
TEST 4 PASSED
Running TEST 5: Different account
DEBUG msgUpsert: {"lastErrorObject":{"n":1,"updatedExisting":true},"value":{"_id":"90502859-f679-4d06-af31-8843f19645ab","conversationId":"d2e1b03d-cfec-43c2-aace-88be02e08a4c","accountId":"other-account","messageId":"msg-3","__v":0,"contentText":"Concurrent","contentType":"text","createdAt":"2026-09-06T11:05:19.168Z","senderType":"customer","status":"delivered","updatedAt":"2026-09-06T11:05:47.507Z"},"ok":1,"$clusterTime":{"clusterTime":{"$timestamp":"7682376850957402121"},"signature":{"hash":"AAAAAAAAAAAAAAAAAAAAAAAAAAA=","keyId":0}},"operationTime":{"$timestamp":"7682376850957402121"}}
Error: TEST 5 FAILED: Expected tenant isolation to allow duplicate messageId across accounts
    at runTests (/Users/vijayprasad/Documents/crm/new/test-webhook-transaction.ts:82:11)
    at process.processTicksAndRejections (node:internal/process/task_queues:103:5)
